2026-08-15 03:20:17 - Lookup caller - HTTP 200, response: {
  "kind": "identitytoolkit#GetAccountInfoResponse",
  "users": [
    {
      "localId": "k4TAixzL6McdpX9DLbkHkqW1MMA2",
      "email": "ladangwohijo@gmail.com",
      "passwordHash": "UkVEQUNURUQ=",
      "emailVerified": true,
      "passwordUpdatedAt": 1786065956818,
      "providerUserInfo": [
        {
          "providerId": "password",
          "federatedId": "ladangwohijo@gmail.com",
          "email": "ladangwohijo@gmail.com",
          "rawId": "ladangwohijo@gmail.com"
        }
      ],
      "validSince": "1786065956",
      "disabled": false,
      "lastLoginAt": "1786762741645",
      "createdAt": "1786006181532",
      "lastRefreshAt": "2026-08-15T02:59:01.645Z"
    }
  ]
}

2026-08-15 03:20:17 - Cek admin untuk uid=k4TAixzL6McdpX9DLbkHkqW1MMA2 - response: {
  "error" : "Unauthorized request."
}

2026-08-15 03:20:27 - Lookup caller - HTTP 200, response: {
  "kind": "identitytoolkit#GetAccountInfoResponse",
  "users": [
    {
      "localId": "k4TAixzL6McdpX9DLbkHkqW1MMA2",
      "email": "ladangwohijo@gmail.com",
      "passwordHash": "UkVEQUNURUQ=",
      "emailVerified": true,
      "passwordUpdatedAt": 1786065956818,
      "providerUserInfo": [
        {
          "providerId": "password",
          "federatedId": "ladangwohijo@gmail.com",
          "email": "ladangwohijo@gmail.com",
          "rawId": "ladangwohijo@gmail.com"
        }
      ],
      "validSince": "1786065956",
      "disabled": false,
      "lastLoginAt": "1786762741645",
      "createdAt": "1786006181532",
      "lastRefreshAt": "2026-08-15T02:59:01.645Z"
    }
  ]
}

2026-08-15 03:20:27 - Cek admin untuk uid=k4TAixzL6McdpX9DLbkHkqW1MMA2 - response: {
  "error" : "Unauthorized request."
}

